
> tucaserito@0.1.0 build
> next build

   Γû▓ Next.js 15.1.7

   Creating an optimized production build ...
npm : Failed to 
compile.
At line:1 char:1
+ npm run build > 
build_errors.log 2>&1
+ ~~~~~~~~~~~~~~~~~~~~~
~~~~~~~~~~~~~~~~
    + CategoryInfo     
         : NotSpecifi  
  ed: (Failed to com   
 pile.:String) [],     
RemoteException
    + FullyQualifiedEr 
   rorId : NativeComm  
  andError
 

./src/app/page.tsx
Module not found: 
Can't resolve '@/compon
ents/layout/Header'

https://nextjs.org/docs
/messages/module-not-fo
und

./src/app/page.tsx
Module not found: 
Can't resolve '@/compon
ents/sections/Hero'

https://nextjs.org/docs
/messages/module-not-fo
und

./src/app/page.tsx
Module not found: 
Can't resolve '@/compon
ents/sections/Features'

https://nextjs.org/docs
/messages/module-not-fo
und

./src/app/page.tsx
Module not found: 
Can't resolve '@/compon
ents/sections/VisualDem
o'

https://nextjs.org/docs
/messages/module-not-fo
und

./src/app/page.tsx
Module not found: 
Can't resolve '@/compon
ents/sections/BusinessI
mpact'

https://nextjs.org/docs
/messages/module-not-fo
und


> Build failed because 
of webpack errors
